// Jest Snapshot v1, https://goo.gl/fbAQLP

exports[`Favorites matches the snapshot 1`] = `
ShallowWrapper {
  "length": 1,
  Symbol(enzyme.__root__): [Circular],
  Symbol(enzyme.__unrendered__): <Favorites
    category="mock category"
    favorites={Array []}
    setFavorites={[Function]}
/>,
  Symbol(enzyme.__renderer__): Object {
    "batchedUpdates": [Function],
    "getNode": [Function],
    "render": [Function],
    "simulateEvent": [Function],
    "unmount": [Function],
  },
  Symbol(enzyme.__node__): Object {
    "instance": null,
    "key": undefined,
    "nodeType": "host",
    "props": Object {
      "children": Array [
        "Favorites: ",
        <span />,
      ],
      "onClick": [Function],
    },
    "ref": null,
    "rendered": Array [
      "Favorites: ",
      Object {
        "instance": null,
        "key": undefined,
        "nodeType": "host",
        "props": Object {
          "children": 0,
        },
        "ref": null,
        "rendered": 0,
        "type": "span",
      },
    ],
    "type": "button",
  },
  Symbol(enzyme.__nodes__): Array [
    Object {
      "instance": null,
      "key": undefined,
      "nodeType": "host",
      "props": Object {
        "children": Array [
          "Favorites: ",
          <span />,
        ],
        "onClick": [Function],
      },
      "ref": null,
      "rendered": Array [
        "Favorites: ",
        Object {
          "instance": null,
          "key": undefined,
          "nodeType": "host",
          "props": Object {
            "children": 0,
          },
          "ref": null,
          "rendered": 0,
          "type": "span",
        },
      ],
      "type": "button",
    },
  ],
  Symbol(enzyme.__options__): Object {
    "adapter": ReactSixteenAdapter {
      "options": Object {
        "enableComponentDidUpdateOnSetState": true,
      },
    },
  },
}
`;

exports[`Favorites matches the snapshot with favorites added 1`] = `
ShallowWrapper {
  "length": 1,
  Symbol(enzyme.__root__): [Circular],
  Symbol(enzyme.__unrendered__): <Favorites
    category="mock category"
    favorites={Array []}
    setFavorites={[Function]}
/>,
  Symbol(enzyme.__renderer__): Object {
    "batchedUpdates": [Function],
    "getNode": [Function],
    "render": [Function],
    "simulateEvent": [Function],
    "unmount": [Function],
  },
  Symbol(enzyme.__node__): Object {
    "instance": null,
    "key": undefined,
    "nodeType": "host",
    "props": Object {
      "children": Array [
        "Favorites: ",
        <span />,
      ],
      "onClick": [Function],
    },
    "ref": null,
    "rendered": Array [
      "Favorites: ",
      Object {
        "instance": null,
        "key": undefined,
        "nodeType": "host",
        "props": Object {
          "children": 0,
        },
        "ref": null,
        "rendered": 0,
        "type": "span",
      },
    ],
    "type": "button",
  },
  Symbol(enzyme.__nodes__): Array [
    Object {
      "instance": null,
      "key": undefined,
      "nodeType": "host",
      "props": Object {
        "children": Array [
          "Favorites: ",
          <span />,
        ],
        "onClick": [Function],
      },
      "ref": null,
      "rendered": Array [
        "Favorites: ",
        Object {
          "instance": null,
          "key": undefined,
          "nodeType": "host",
          "props": Object {
            "children": 0,
          },
          "ref": null,
          "rendered": 0,
          "type": "span",
        },
      ],
      "type": "button",
    },
  ],
  Symbol(enzyme.__options__): Object {
    "adapter": ReactSixteenAdapter {
      "options": Object {
        "enableComponentDidUpdateOnSetState": true,
      },
    },
  },
}
`;
