// Jest Snapshot v1, https://goo.gl/fbAQLP

exports[`Header matches snapshot 1`] = `
ShallowWrapper {
  "length": 1,
  Symbol(enzyme.__root__): [Circular],
  Symbol(enzyme.__unrendered__): <Header
    numFavs={2}
/>,
  Symbol(enzyme.__renderer__): Object {
    "batchedUpdates": [Function],
    "getNode": [Function],
    "render": [Function],
    "simulateEvent": [Function],
    "unmount": [Function],
  },
  Symbol(enzyme.__node__): Object {
    "instance": null,
    "key": undefined,
    "nodeType": "host",
    "props": Object {
      "children": Array [
        <h1>
          SWapiBox
</h1>,
        <div
          className="categories"
>
          <NavLink
                    activeClassName="active"
                    ariaCurrent="true"
                    className="navlink"
                    to="/people"
          >
                    People
          </NavLink>
          <NavLink
                    activeClassName="active"
                    ariaCurrent="true"
                    className="navlink"
                    to="/planets"
          >
                    Planets
          </NavLink>
          <NavLink
                    activeClassName="active"
                    ariaCurrent="true"
                    className="navlink"
                    to="/vehicles"
          >
                    Vehicles
          </NavLink>
</div>,
        <NavLink
          activeClassName="active"
          ariaCurrent="true"
          className="navlink"
          to="/favorites"
>
          Favorites
          <span>
                    :
                    2
          </span>
</NavLink>,
      ],
      "className": "Header",
    },
    "ref": null,
    "rendered": Array [
      Object {
        "instance": null,
        "key": undefined,
        "nodeType": "host",
        "props": Object {
          "children": "SWapiBox",
        },
        "ref": null,
        "rendered": "SWapiBox",
        "type": "h1",
      },
      Object {
        "instance": null,
        "key": undefined,
        "nodeType": "host",
        "props": Object {
          "children": Array [
            <NavLink
              activeClassName="active"
              ariaCurrent="true"
              className="navlink"
              to="/people"
>
              People
</NavLink>,
            <NavLink
              activeClassName="active"
              ariaCurrent="true"
              className="navlink"
              to="/planets"
>
              Planets
</NavLink>,
            <NavLink
              activeClassName="active"
              ariaCurrent="true"
              className="navlink"
              to="/vehicles"
>
              Vehicles
</NavLink>,
          ],
          "className": "categories",
        },
        "ref": null,
        "rendered": Array [
          Object {
            "instance": null,
            "key": undefined,
            "nodeType": "function",
            "props": Object {
              "activeClassName": "active",
              "ariaCurrent": "true",
              "children": "People",
              "className": "navlink",
              "to": "/people",
            },
            "ref": null,
            "rendered": "People",
            "type": [Function],
          },
          Object {
            "instance": null,
            "key": undefined,
            "nodeType": "function",
            "props": Object {
              "activeClassName": "active",
              "ariaCurrent": "true",
              "children": "Planets",
              "className": "navlink",
              "to": "/planets",
            },
            "ref": null,
            "rendered": "Planets",
            "type": [Function],
          },
          Object {
            "instance": null,
            "key": undefined,
            "nodeType": "function",
            "props": Object {
              "activeClassName": "active",
              "ariaCurrent": "true",
              "children": "Vehicles",
              "className": "navlink",
              "to": "/vehicles",
            },
            "ref": null,
            "rendered": "Vehicles",
            "type": [Function],
          },
        ],
        "type": "div",
      },
      Object {
        "instance": null,
        "key": undefined,
        "nodeType": "function",
        "props": Object {
          "activeClassName": "active",
          "ariaCurrent": "true",
          "children": Array [
            "Favorites",
            <span>
              :
              2
</span>,
          ],
          "className": "navlink",
          "to": "/favorites",
        },
        "ref": null,
        "rendered": Array [
          "Favorites",
          Object {
            "instance": null,
            "key": undefined,
            "nodeType": "host",
            "props": Object {
              "children": Array [
                ":",
                2,
              ],
            },
            "ref": null,
            "rendered": Array [
              ":",
              2,
            ],
            "type": "span",
          },
        ],
        "type": [Function],
      },
    ],
    "type": "section",
  },
  Symbol(enzyme.__nodes__): Array [
    Object {
      "instance": null,
      "key": undefined,
      "nodeType": "host",
      "props": Object {
        "children": Array [
          <h1>
            SWapiBox
</h1>,
          <div
            className="categories"
>
            <NavLink
                        activeClassName="active"
                        ariaCurrent="true"
                        className="navlink"
                        to="/people"
            >
                        People
            </NavLink>
            <NavLink
                        activeClassName="active"
                        ariaCurrent="true"
                        className="navlink"
                        to="/planets"
            >
                        Planets
            </NavLink>
            <NavLink
                        activeClassName="active"
                        ariaCurrent="true"
                        className="navlink"
                        to="/vehicles"
            >
                        Vehicles
            </NavLink>
</div>,
          <NavLink
            activeClassName="active"
            ariaCurrent="true"
            className="navlink"
            to="/favorites"
>
            Favorites
            <span>
                        :
                        2
            </span>
</NavLink>,
        ],
        "className": "Header",
      },
      "ref": null,
      "rendered": Array [
        Object {
          "instance": null,
          "key": undefined,
          "nodeType": "host",
          "props": Object {
            "children": "SWapiBox",
          },
          "ref": null,
          "rendered": "SWapiBox",
          "type": "h1",
        },
        Object {
          "instance": null,
          "key": undefined,
          "nodeType": "host",
          "props": Object {
            "children": Array [
              <NavLink
                activeClassName="active"
                ariaCurrent="true"
                className="navlink"
                to="/people"
>
                People
</NavLink>,
              <NavLink
                activeClassName="active"
                ariaCurrent="true"
                className="navlink"
                to="/planets"
>
                Planets
</NavLink>,
              <NavLink
                activeClassName="active"
                ariaCurrent="true"
                className="navlink"
                to="/vehicles"
>
                Vehicles
</NavLink>,
            ],
            "className": "categories",
          },
          "ref": null,
          "rendered": Array [
            Object {
              "instance": null,
              "key": undefined,
              "nodeType": "function",
              "props": Object {
                "activeClassName": "active",
                "ariaCurrent": "true",
                "children": "People",
                "className": "navlink",
                "to": "/people",
              },
              "ref": null,
              "rendered": "People",
              "type": [Function],
            },
            Object {
              "instance": null,
              "key": undefined,
              "nodeType": "function",
              "props": Object {
                "activeClassName": "active",
                "ariaCurrent": "true",
                "children": "Planets",
                "className": "navlink",
                "to": "/planets",
              },
              "ref": null,
              "rendered": "Planets",
              "type": [Function],
            },
            Object {
              "instance": null,
              "key": undefined,
              "nodeType": "function",
              "props": Object {
                "activeClassName": "active",
                "ariaCurrent": "true",
                "children": "Vehicles",
                "className": "navlink",
                "to": "/vehicles",
              },
              "ref": null,
              "rendered": "Vehicles",
              "type": [Function],
            },
          ],
          "type": "div",
        },
        Object {
          "instance": null,
          "key": undefined,
          "nodeType": "function",
          "props": Object {
            "activeClassName": "active",
            "ariaCurrent": "true",
            "children": Array [
              "Favorites",
              <span>
                :
                2
</span>,
            ],
            "className": "navlink",
            "to": "/favorites",
          },
          "ref": null,
          "rendered": Array [
            "Favorites",
            Object {
              "instance": null,
              "key": undefined,
              "nodeType": "host",
              "props": Object {
                "children": Array [
                  ":",
                  2,
                ],
              },
              "ref": null,
              "rendered": Array [
                ":",
                2,
              ],
              "type": "span",
            },
          ],
          "type": [Function],
        },
      ],
      "type": "section",
    },
  ],
  Symbol(enzyme.__options__): Object {
    "adapter": ReactSixteenAdapter {
      "options": Object {
        "enableComponentDidUpdateOnSetState": true,
      },
    },
  },
}
`;
