// Jest Snapshot v1, https://goo.gl/fbAQLP

exports[`Header matches the snapshot 1`] = `
ShallowWrapper {
  "length": 1,
  Symbol(enzyme.__root__): [Circular],
  Symbol(enzyme.__unrendered__): <Nav />,
  Symbol(enzyme.__renderer__): Object {
    "batchedUpdates": [Function],
    "getNode": [Function],
    "render": [Function],
    "simulateEvent": [Function],
    "unmount": [Function],
  },
  Symbol(enzyme.__node__): Object {
    "instance": null,
    "key": undefined,
    "nodeType": "host",
    "props": Object {
      "children": Array [
        <h1>
          SWapiBox
</h1>,
        <nav>
          <NavButton
                    category="people"
                    setCategory={undefined}
          />
          <NavButton
                    category="planets"
                    setCategory={undefined}
          />
          <NavButton
                    category="vehicles"
                    setCategory={undefined}
          />
          <Favorites
                    category="favorites"
                    favorites={undefined}
                    setFavorites={undefined}
          />
</nav>,
      ],
    },
    "ref": null,
    "rendered": Array [
      Object {
        "instance": null,
        "key": undefined,
        "nodeType": "host",
        "props": Object {
          "children": "SWapiBox",
        },
        "ref": null,
        "rendered": "SWapiBox",
        "type": "h1",
      },
      Object {
        "instance": null,
        "key": undefined,
        "nodeType": "host",
        "props": Object {
          "children": Array [
            <NavButton
              category="people"
              setCategory={undefined}
/>,
            <NavButton
              category="planets"
              setCategory={undefined}
/>,
            <NavButton
              category="vehicles"
              setCategory={undefined}
/>,
            <Favorites
              category="favorites"
              favorites={undefined}
              setFavorites={undefined}
/>,
          ],
        },
        "ref": null,
        "rendered": Array [
          Object {
            "instance": null,
            "key": undefined,
            "nodeType": "function",
            "props": Object {
              "category": "people",
              "setCategory": undefined,
            },
            "ref": null,
            "rendered": null,
            "type": [Function],
          },
          Object {
            "instance": null,
            "key": undefined,
            "nodeType": "function",
            "props": Object {
              "category": "planets",
              "setCategory": undefined,
            },
            "ref": null,
            "rendered": null,
            "type": [Function],
          },
          Object {
            "instance": null,
            "key": undefined,
            "nodeType": "function",
            "props": Object {
              "category": "vehicles",
              "setCategory": undefined,
            },
            "ref": null,
            "rendered": null,
            "type": [Function],
          },
          Object {
            "instance": null,
            "key": undefined,
            "nodeType": "function",
            "props": Object {
              "category": "favorites",
              "favorites": undefined,
              "setFavorites": undefined,
            },
            "ref": null,
            "rendered": null,
            "type": [Function],
          },
        ],
        "type": "nav",
      },
    ],
    "type": "header",
  },
  Symbol(enzyme.__nodes__): Array [
    Object {
      "instance": null,
      "key": undefined,
      "nodeType": "host",
      "props": Object {
        "children": Array [
          <h1>
            SWapiBox
</h1>,
          <nav>
            <NavButton
                        category="people"
                        setCategory={undefined}
            />
            <NavButton
                        category="planets"
                        setCategory={undefined}
            />
            <NavButton
                        category="vehicles"
                        setCategory={undefined}
            />
            <Favorites
                        category="favorites"
                        favorites={undefined}
                        setFavorites={undefined}
            />
</nav>,
        ],
      },
      "ref": null,
      "rendered": Array [
        Object {
          "instance": null,
          "key": undefined,
          "nodeType": "host",
          "props": Object {
            "children": "SWapiBox",
          },
          "ref": null,
          "rendered": "SWapiBox",
          "type": "h1",
        },
        Object {
          "instance": null,
          "key": undefined,
          "nodeType": "host",
          "props": Object {
            "children": Array [
              <NavButton
                category="people"
                setCategory={undefined}
/>,
              <NavButton
                category="planets"
                setCategory={undefined}
/>,
              <NavButton
                category="vehicles"
                setCategory={undefined}
/>,
              <Favorites
                category="favorites"
                favorites={undefined}
                setFavorites={undefined}
/>,
            ],
          },
          "ref": null,
          "rendered": Array [
            Object {
              "instance": null,
              "key": undefined,
              "nodeType": "function",
              "props": Object {
                "category": "people",
                "setCategory": undefined,
              },
              "ref": null,
              "rendered": null,
              "type": [Function],
            },
            Object {
              "instance": null,
              "key": undefined,
              "nodeType": "function",
              "props": Object {
                "category": "planets",
                "setCategory": undefined,
              },
              "ref": null,
              "rendered": null,
              "type": [Function],
            },
            Object {
              "instance": null,
              "key": undefined,
              "nodeType": "function",
              "props": Object {
                "category": "vehicles",
                "setCategory": undefined,
              },
              "ref": null,
              "rendered": null,
              "type": [Function],
            },
            Object {
              "instance": null,
              "key": undefined,
              "nodeType": "function",
              "props": Object {
                "category": "favorites",
                "favorites": undefined,
                "setFavorites": undefined,
              },
              "ref": null,
              "rendered": null,
              "type": [Function],
            },
          ],
          "type": "nav",
        },
      ],
      "type": "header",
    },
  ],
  Symbol(enzyme.__options__): Object {
    "adapter": ReactSixteenAdapter {
      "options": Object {
        "enableComponentDidUpdateOnSetState": true,
      },
    },
  },
}
`;
