// Jest Snapshot v1, https://goo.gl/fbAQLP

exports[`Crawl matches the snapshot 1`] = `
ShallowWrapper {
  "length": 1,
  Symbol(enzyme.__root__): [Circular],
  Symbol(enzyme.__unrendered__): <Crawl
    randomFilmCrawl={
        Object {
            "crawl": "Film Crawl",
            "date": "1982-09-18",
            "title": "Movie Title",
          }
    }
/>,
  Symbol(enzyme.__renderer__): Object {
    "batchedUpdates": [Function],
    "getNode": [Function],
    "render": [Function],
    "simulateEvent": [Function],
    "unmount": [Function],
  },
  Symbol(enzyme.__node__): Object {
    "instance": null,
    "key": undefined,
    "nodeType": "host",
    "props": Object {
      "children": <div
        className="crawl-content"
>
        <p>
                Film Crawl
        </p>
        <p>
                Movie Title
        </p>
        <p>
                1982-09-18
        </p>
</div>,
      "className": "crawl-container",
    },
    "ref": null,
    "rendered": Object {
      "instance": null,
      "key": undefined,
      "nodeType": "host",
      "props": Object {
        "children": Array [
          <p>
            Film Crawl
</p>,
          <p>
            Movie Title
</p>,
          <p>
            1982-09-18
</p>,
        ],
        "className": "crawl-content",
      },
      "ref": null,
      "rendered": Array [
        Object {
          "instance": null,
          "key": undefined,
          "nodeType": "host",
          "props": Object {
            "children": "Film Crawl",
          },
          "ref": null,
          "rendered": "Film Crawl",
          "type": "p",
        },
        Object {
          "instance": null,
          "key": undefined,
          "nodeType": "host",
          "props": Object {
            "children": "Movie Title",
          },
          "ref": null,
          "rendered": "Movie Title",
          "type": "p",
        },
        Object {
          "instance": null,
          "key": undefined,
          "nodeType": "host",
          "props": Object {
            "children": "1982-09-18",
          },
          "ref": null,
          "rendered": "1982-09-18",
          "type": "p",
        },
      ],
      "type": "div",
    },
    "type": "section",
  },
  Symbol(enzyme.__nodes__): Array [
    Object {
      "instance": null,
      "key": undefined,
      "nodeType": "host",
      "props": Object {
        "children": <div
          className="crawl-content"
>
          <p>
                    Film Crawl
          </p>
          <p>
                    Movie Title
          </p>
          <p>
                    1982-09-18
          </p>
</div>,
        "className": "crawl-container",
      },
      "ref": null,
      "rendered": Object {
        "instance": null,
        "key": undefined,
        "nodeType": "host",
        "props": Object {
          "children": Array [
            <p>
              Film Crawl
</p>,
            <p>
              Movie Title
</p>,
            <p>
              1982-09-18
</p>,
          ],
          "className": "crawl-content",
        },
        "ref": null,
        "rendered": Array [
          Object {
            "instance": null,
            "key": undefined,
            "nodeType": "host",
            "props": Object {
              "children": "Film Crawl",
            },
            "ref": null,
            "rendered": "Film Crawl",
            "type": "p",
          },
          Object {
            "instance": null,
            "key": undefined,
            "nodeType": "host",
            "props": Object {
              "children": "Movie Title",
            },
            "ref": null,
            "rendered": "Movie Title",
            "type": "p",
          },
          Object {
            "instance": null,
            "key": undefined,
            "nodeType": "host",
            "props": Object {
              "children": "1982-09-18",
            },
            "ref": null,
            "rendered": "1982-09-18",
            "type": "p",
          },
        ],
        "type": "div",
      },
      "type": "section",
    },
  ],
  Symbol(enzyme.__options__): Object {
    "adapter": ReactSixteenAdapter {
      "options": Object {
        "enableComponentDidUpdateOnSetState": true,
      },
    },
  },
}
`;
