// Jest Snapshot v1, https://goo.gl/fbAQLP

exports[`planetData fetchPlanets matches snapshot 1`] = `[Function]`;
