// Jest Snapshot v1, https://goo.gl/fbAQLP

exports[`peopleData fetchPeople matches snapshot 1`] = `[Function]`;
