// Jest Snapshot v1, https://goo.gl/fbAQLP

exports[`fetchVehicles matches snapshot 1`] = `[Function]`;
